2026-08-25 16:16:35.312 [OPERATION] Приложение запущено. Файл журнала: C:/Users/Andrew/Desktop/projects/burner/burner/app/release/logs/device-workbench-2026-08-25.log
2026-08-25 16:16:37.849 [OPERATION] Sending FINE discovery to 239.1.2.1:5001
2026-08-25 16:16:37.858 [OPERATION] Discovery sent via iftype53_32768 (172.18.0.1)
2026-08-25 16:16:37.860 [OPERATION] Discovery sent via ethernet_32771 (192.168.1.234)
2026-08-25 16:16:37.863 [OPERATION] Discovery send failed via loopback_0: Unable to send a message
2026-08-25 16:16:37.866 [OPERATION] Discovery sent via ethernet_32777 (172.24.96.1)
2026-08-25 16:16:37.869 [OPERATION] Discovery sent via ethernet_32779 (172.28.112.1)
2026-08-25 16:16:37.879 [OPERATION] Found 0X0A02 0X0001 Блок обработки цифровой (БОЦ-В-6) 2020 III Зав.№777 (SW Aug 20 2026 1 at 192.168.1.193:2001
2026-08-25 16:16:37.987 [OPERATION] Found 0X0A02 0X0001 Блок обработки цифровой (БОЦ-В-6) 2024 III Зав.№011 (SW Aug 20 2026 1 at 192.168.1.254:2001
2026-08-25 16:16:38.558 [TRANSPORT] [0X0A02] 0xEE extended description: 66100 byte(s), 130 fragment(s)
TX :01FF27\r
RX !01FF0A020001D091D0BBD0BED0BA20D0BED0B1D180D0B0D0B1D0BED182D0BAD0B820D186D0B8D184D180D0BED0B2D0BED0B92028D091D09ED0A62DD0922D362920323032302049494920D097D0B0D0B22EE28496373737202853572041756720323020323032362031363A32363A34392936\r
TX :010702\r
RX !0107410FC2413431384D123536353133584F99\r
2026-08-25 16:16:38.696 [TRANSPORT] [0X0A02] 0xEE extended description: 66100 byte(s), 130 fragment(s)
TX :01FF27\r
RX !01FF0A020001D091D0BBD0BED0BA20D0BED0B1D180D0B0D0B1D0BED182D0BAD0B820D186D0B8D184D180D0BED0B2D0BED0B92028D091D09ED0A62DD0922D362920323032342049494920D097D0B0D0B22EE28496303131202853572041756720323020323032362031363A32363A34392927\r
TX :010702\r
RX !0107410FC2413431384D1235363531331F4693\r
2026-08-25 16:16:38.717 [OPERATION] Found 2 device(s); device data received
2026-08-25 16:16:39.870 [OPERATION] UDP discovery finished
2026-08-25 16:16:39.873 [OPERATION] Found 2 device(s)
2026-08-25 16:17:04.636 [OPERATION] Starting device.productionDate.update for 2 device(s)
2026-08-25 16:17:04.639 [OPERATION] [0X0A02] preparing production date update for 25.08.2020
2026-08-25 16:17:04.642 [OPERATION] [0X0A02] reset device to enter bootloader
2026-08-25 16:17:04.645 [TRANSPORT] [0X0A02] TX :01FA55AA1234D8\r
RX !01FA09\r
2026-08-25 16:17:04.648 [OPERATION] [0X0A02] wait 3 seconds after reset before polling bootloader
2026-08-25 16:17:09.652 [OPERATION] [0X0A02] waiting for device reappearance with (Boot) in description
2026-08-25 16:17:10.851 [OPERATION] [0X0A02] bootloader identity connected
2026-08-25 16:17:12.353 [OPERATION] [0X0A02] wait 3 seconds after reset before polling bootloader
2026-08-25 16:17:17.353 [OPERATION] [0X0A02] int[0] = 0
2026-08-25 16:17:17.355 [TRANSPORT] [0X0A02] TX :01E2000000000000000012\r
RX !01E20000000000000000F9\r
2026-08-25 16:17:17.358 [OPERATION] [0X0A02] int[9] = 1598302800
2026-08-25 16:17:17.361 [TRANSPORT] [0X0A02] TX :01E2000000095F442A5056\r
RX !01E2000000095F442A503D\r
2026-08-25 16:17:17.364 [OPERATION] [0X0A02] wait 1 second before final reset
2026-08-25 16:17:18.359 [OPERATION] [0X0A02] load main application, response is not expected
2026-08-25 16:17:18.370 [TRANSPORT] [0X0A02] TX :01E2000000000000000113\r
RX <not expected>
2026-08-25 16:17:28.451 [TRANSPORT] [0X0A02] discovered 0X0A02 0X0001 Блок обработки цифровой (БОЦ-В-6) 2020 III Зав.№777 (SW Aug 20 2026 16:26:49) at 192.168.1.193:2001 UUID=410FC241-3431-384D-1235-36353133584F
direct TCP identity
TX :01FF27\r
RX !01FF0A020001D091D0BBD0BED0BA20D0BED0B1D180D0B0D0B1D0BED182D0BAD0B820D186D0B8D184D180D0BED0B2D0BED0B92028D091D09ED0A62DD0922D362920323032302049494920D097D0B0D0B22EE28496373737202853572041756720323020323032362031363A32363A34392936\r
TX :010702\r
RX !0107410FC2413431384D123536353133584F99\r
2026-08-25 16:17:28.454 [OPERATION] [0X0A02] production date update finished
2026-08-25 16:17:28.457 [OPERATION] [0X0A02] preparing production date update for 25.08.2020
2026-08-25 16:17:28.459 [OPERATION] [0X0A02] reset device to enter bootloader
2026-08-25 16:17:28.462 [TRANSPORT] [0X0A02] TX :01FA55AA1234D8\r
RX !01FA09\r
2026-08-25 16:17:28.464 [OPERATION] [0X0A02] wait 3 seconds after reset before polling bootloader
2026-08-25 16:17:33.455 [OPERATION] [0X0A02] waiting for device reappearance with (Boot) in description
2026-08-25 16:17:34.655 [OPERATION] [0X0A02] bootloader identity connected
2026-08-25 16:17:36.157 [OPERATION] [0X0A02] wait 3 seconds after reset before polling bootloader
2026-08-25 16:17:41.157 [OPERATION] [0X0A02] int[0] = 0
2026-08-25 16:17:41.159 [TRANSPORT] [0X0A02] TX :01E2000000000000000012\r
RX !01E20000000000000000F9\r
2026-08-25 16:17:41.163 [OPERATION] [0X0A02] int[9] = 1598302800
2026-08-25 16:17:41.165 [TRANSPORT] [0X0A02] TX :01E2000000095F442A5056\r
RX ?01E20B89\r
2026-08-25 16:17:41.166 [OPERATION] [0X0A02] production date failed: No valid ASCII packet received
2026-08-25 16:17:41.169 [OPERATION] Workflow device.productionDate.update failed
2026-08-25 16:17:41.208 [OPERATION] [0X0A02] device identity refreshed
2026-08-25 16:17:41.209 [TRANSPORT] [0X0A02] discovered 0X0A02 0X0001 Блок обработки цифровой (БОЦ-В-6) 2020 III Зав.№777 (SW Aug 20 2026 16:26:49) at 192.168.1.193:2001 UUID=410FC241-3431-384D-1235-36353133584F
direct TCP identity
TX :01FF27\r
RX !01FF0A020001D091D0BBD0BED0BA20D0BED0B1D180D0B0D0B1D0BED182D0BAD0B820D186D0B8D184D180D0BED0B2D0BED0B92028D091D09ED0A62DD0922D362920323032302049494920D097D0B0D0B22EE28496373737202853572041756720323020323032362031363A32363A34392936\r
TX :010702\r
RX !0107410FC2413431384D123536353133584F99\r
2026-08-25 16:17:41.234 [OPERATION] [0X1000] device identity refreshed
2026-08-25 16:17:41.236 [TRANSPORT] [0X0A02] discovered 0X1000 0X0000 Блок обработки цифровой (БОЦв-6) (Boot) 2024 III Зав.№011 (SW Jul 20 2026 09:18:41) at 192.168.1.254:2001 UUID=410FC241-3431-384D-1235-363531331F46
direct TCP identity
TX :01FF27\r
RX !01FF10000000D091D0BBD0BED0BA20D0BED0B1D180D0B0D0B1D0BED182D0BAD0B820D186D0B8D184D180D0BED0B2D0BED0B92028D091D09ED0A6D0B22D36292028426F6F742920323032342049494920D097D0B0D0B22EE2849630313120285357204A756C20323020323032362030393A31383A343129BE\r
TX :010702\r
RX !0107410FC2413431384D1235363531331F4693\r
2026-08-25 16:17:51.823 [OPERATION] Sending FINE discovery to 239.1.2.1:5001
2026-08-25 16:17:51.831 [OPERATION] Discovery sent via iftype53_32768 (172.18.0.1)
2026-08-25 16:17:51.833 [OPERATION] Discovery sent via ethernet_32771 (192.168.1.234)
2026-08-25 16:17:51.836 [OPERATION] Discovery send failed via loopback_0: Unable to send a message
2026-08-25 16:17:51.838 [OPERATION] Discovery sent via ethernet_32777 (172.24.96.1)
2026-08-25 16:17:51.840 [OPERATION] Discovery sent via ethernet_32779 (172.28.112.1)
2026-08-25 16:17:51.842 [OPERATION] Found 0X0A02 0X0001 Блок обработки цифровой (БОЦ-В-6) 2020 III Зав.№777 (SW Aug 20 2026 1 at 192.168.1.193:2001
2026-08-25 16:17:51.859 [OPERATION] Found 0X1000 0X0000 Блок обработки цифровой (БОЦв-6) (Boot) 2024 III Зав.№011 (SW Jul 20 at 192.168.1.254:2001
2026-08-25 16:17:51.906 [TRANSPORT] [0X1000] 0xEE extended description: 2701 byte(s), 6 fragment(s)
TX :01FF27\r
RX !01FF10000000D091D0BBD0BED0BA20D0BED0B1D180D0B0D0B1D0BED182D0BAD0B820D186D0B8D184D180D0BED0B2D0BED0B92028D091D09ED0A6D0B22D36292028426F6F742920323032342049494920D097D0B0D0B22EE2849630313120285357204A756C20323020323032362030393A31383A343129BE\r
TX :010702\r
RX !0107410FC2413431384D1235363531331F4693\r
2026-08-25 16:17:52.375 [TRANSPORT] [0X0A02] 0xEE extended description: 66100 byte(s), 130 fragment(s)
TX :01FF27\r
RX !01FF0A020001D091D0BBD0BED0BA20D0BED0B1D180D0B0D0B1D0BED182D0BAD0B820D186D0B8D184D180D0BED0B2D0BED0B92028D091D09ED0A62DD0922D362920323032302049494920D097D0B0D0B22EE28496373737202853572041756720323020323032362031363A32363A34392936\r
TX :010702\r
RX !0107410FC2413431384D123536353133584F99\r
2026-08-25 16:17:52.398 [OPERATION] Found 2 device(s); device data received
2026-08-25 16:17:53.849 [OPERATION] UDP discovery finished
2026-08-25 16:17:53.852 [OPERATION] Found 2 device(s)
2026-08-25 16:17:59.978 [OPERATION] Starting device.application.load for 1 device(s)
2026-08-25 16:17:59.980 [OPERATION] [0X1000] int[0] = 1, response is not expected
2026-08-25 16:17:59.982 [TRANSPORT] [0X1000] TX :01E2000000000000000113\r
RX <not expected>
2026-08-25 16:17:59.984 [OPERATION] [0X1000] wait 3 seconds before reconnecting to application
2026-08-25 16:18:02.980 [OPERATION] [0X1000] reconnect to main application
2026-08-25 16:18:02.982 [OPERATION] [0X1000] device connected
2026-08-25 16:18:02.985 [OPERATION] [0X1000] still in bootloader, retry load application
2026-08-25 16:18:02.987 [OPERATION] [0X1000] int[0] = 1, response is not expected
2026-08-25 16:18:04.989 [TRANSPORT] [0X1000] TX :01E2000000000000000113\r
RX <not expected>
2026-08-25 16:18:04.991 [OPERATION] [0X1000] load application attempt 2 failed: Socket operation timed out
2026-08-25 16:18:04.993 [OPERATION] Workflow device.application.load failed
2026-08-25 16:18:11.070 [OPERATION] [0X0A02] device identity refreshed
2026-08-25 16:18:11.072 [TRANSPORT] [0X1000] discovered 0X0A02 0X0001 Блок обработки цифровой (БОЦ-В-6) 2024 III Зав.№011 (SW Aug 20 2026 16:26:49) at 192.168.1.254:2001 UUID=410FC241-3431-384D-1235-363531331F46
direct TCP identity
TX :01FF27\r
RX !01FF0A020001D091D0BBD0BED0BA20D0BED0B1D180D0B0D0B1D0BED182D0BAD0B820D186D0B8D184D180D0BED0B2D0BED0B92028D091D09ED0A62DD0922D362920323032342049494920D097D0B0D0B22EE28496303131202853572041756720323020323032362031363A32363A34392927\r
TX :010702\r
RX !0107410FC2413431384D1235363531331F4693\r
2026-08-25 16:33:48.909 [OPERATION] Приложение запущено. Файл журнала: C:/Users/Andrew/Desktop/projects/burner/burner/app/release/logs/device-workbench-2026-08-25.log
2026-08-25 16:33:51.290 [OPERATION] Sending FINE discovery to 239.1.2.1:5001
2026-08-25 16:33:51.300 [OPERATION] Discovery sent via iftype53_32768 (172.18.0.1)
2026-08-25 16:33:51.303 [OPERATION] Discovery sent via ethernet_32771 (192.168.1.234)
2026-08-25 16:33:51.305 [OPERATION] Discovery send failed via loopback_0: Unable to send a message
2026-08-25 16:33:51.307 [OPERATION] Discovery sent via ethernet_32777 (172.24.96.1)
2026-08-25 16:33:51.310 [OPERATION] Discovery sent via ethernet_32779 (172.28.112.1)
2026-08-25 16:33:51.320 [OPERATION] Found 0X0A02 0X0001 Блок обработки цифровой (БОЦ-В-6) 2020 III Зав.№777 (SW Aug 20 2026 1 at 192.168.1.193:2001
2026-08-25 16:33:51.429 [OPERATION] Found 0X0A02 0X0001 Блок обработки цифровой (БОЦ-В-6) 2024 III Зав.№011 (SW Aug 20 2026 1 at 192.168.1.254:2001
2026-08-25 16:33:52.050 [TRANSPORT] [0X0A02] 0xEE extended description: 66100 byte(s), 130 fragment(s)
TX :01FF27\r
RX !01FF0A020001D091D0BBD0BED0BA20D0BED0B1D180D0B0D0B1D0BED182D0BAD0B820D186D0B8D184D180D0BED0B2D0BED0B92028D091D09ED0A62DD0922D362920323032342049494920D097D0B0D0B22EE28496303131202853572041756720323020323032362031363A32363A34392927\r
TX :010702\r
RX !0107410FC2413431384D1235363531331F4693\r
2026-08-25 16:33:52.110 [TRANSPORT] [0X0A02] 0xEE extended description: 66100 byte(s), 130 fragment(s)
TX :01FF27\r
RX !01FF0A020001D091D0BBD0BED0BA20D0BED0B1D180D0B0D0B1D0BED182D0BAD0B820D186D0B8D184D180D0BED0B2D0BED0B92028D091D09ED0A62DD0922D362920323032302049494920D097D0B0D0B22EE28496373737202853572041756720323020323032362031363A32363A34392936\r
TX :010702\r
RX !0107410FC2413431384D123536353133584F99\r
2026-08-25 16:33:52.132 [OPERATION] Found 2 device(s); device data received
2026-08-25 16:33:53.318 [OPERATION] UDP discovery finished
2026-08-25 16:33:53.320 [OPERATION] Found 2 device(s)
2026-08-25 16:34:07.288 [OPERATION] Starting device.productionDate.update for 2 device(s)
2026-08-25 16:34:07.290 [OPERATION] [0X0A02] preparing production date update for 25.08.2026
2026-08-25 16:34:07.294 [OPERATION] [0X0A02] reset device to enter bootloader
2026-08-25 16:34:07.296 [TRANSPORT] [0X0A02] TX :01FA55AA1234D8\r
RX !01FA09\r
2026-08-25 16:34:07.299 [OPERATION] [0X0A02] wait 3 seconds after reset before polling bootloader
2026-08-25 16:34:12.302 [OPERATION] [0X0A02] waiting for device reappearance with (Boot) in description
2026-08-25 16:34:13.501 [OPERATION] [0X0A02] bootloader identity connected
2026-08-25 16:34:15.003 [OPERATION] [0X0A02] wait 3 seconds after reset before polling bootloader
2026-08-25 16:34:20.003 [OPERATION] [0X0A02] int[0] = 0
2026-08-25 16:34:20.006 [TRANSPORT] [0X0A02] TX :01E2000000000000000012\r
RX !01E20000000000000000F9\r
2026-08-25 16:34:20.008 [OPERATION] [0X0A02] int[9] = 1787605200
2026-08-25 16:34:20.010 [TRANSPORT] [0X0A02] TX :01E2000000096A8CB0D073\r
RX !01E2000000096A8CB0D05A\r
2026-08-25 16:34:20.013 [OPERATION] [0X0A02] wait 1 second before final reset
2026-08-25 16:34:21.007 [OPERATION] [0X0A02] load main application, response is not expected
2026-08-25 16:34:21.020 [TRANSPORT] [0X0A02] TX :01E2000000000000000113\r
RX <not expected>
2026-08-25 16:34:31.102 [TRANSPORT] [0X0A02] discovered 0X0A02 0X0001 Блок обработки цифровой (БОЦ-В-6) 2026 III Зав.№777 (SW Aug 20 2026 16:26:49) at 192.168.1.193:2001 UUID=410FC241-3431-384D-1235-36353133584F
direct TCP identity
TX :01FF27\r
RX !01FF0A020001D091D0BBD0BED0BA20D0BED0B1D180D0B0D0B1D0BED182D0BAD0B820D186D0B8D184D180D0BED0B2D0BED0B92028D091D09ED0A62DD0922D362920323032362049494920D097D0B0D0B22EE28496373737202853572041756720323020323032362031363A32363A3439293C\r
TX :010702\r
RX !0107410FC2413431384D123536353133584F99\r
2026-08-25 16:34:31.105 [OPERATION] [0X0A02] production date update finished
2026-08-25 16:34:31.108 [OPERATION] [0X0A02] preparing production date update for 25.08.2026
2026-08-25 16:34:31.111 [OPERATION] [0X0A02] reset device to enter bootloader
2026-08-25 16:34:31.113 [TRANSPORT] [0X0A02] TX :01FA55AA1234D8\r
RX !01FA09\r
2026-08-25 16:34:31.115 [OPERATION] [0X0A02] wait 3 seconds after reset before polling bootloader
2026-08-25 16:34:36.106 [OPERATION] [0X0A02] waiting for device reappearance with (Boot) in description
2026-08-25 16:34:37.306 [OPERATION] [0X0A02] bootloader identity connected
2026-08-25 16:34:38.808 [OPERATION] [0X0A02] wait 3 seconds after reset before polling bootloader
2026-08-25 16:34:43.807 [OPERATION] [0X0A02] int[0] = 0
2026-08-25 16:34:43.809 [TRANSPORT] [0X0A02] TX :01E2000000000000000012\r
RX !01E20000000000000000F9\r
2026-08-25 16:34:43.812 [OPERATION] [0X0A02] int[9] = 1787605200
2026-08-25 16:34:43.815 [TRANSPORT] [0X0A02] TX :01E2000000096A8CB0D073\r
RX ?01E20B89\r
2026-08-25 16:34:43.817 [OPERATION] [0X0A02] production date not ready, retry 2/4
2026-08-25 16:34:44.323 [TRANSPORT] [0X0A02] TX :01E2000000096A8CB0D073\r
RX ?01E20B89\r
2026-08-25 16:34:44.326 [OPERATION] [0X0A02] production date not ready, retry 3/4
2026-08-25 16:34:44.825 [TRANSPORT] [0X0A02] TX :01E2000000096A8CB0D073\r
RX ?01E20B89\r
2026-08-25 16:34:44.827 [OPERATION] [0X0A02] production date not ready, retry 4/4
2026-08-25 16:34:45.328 [TRANSPORT] [0X0A02] TX :01E2000000096A8CB0D073\r
RX ?01E20B89\r
2026-08-25 16:34:45.329 [OPERATION] [0X0A02] production date failed: Device returned ASCII error 0x0b
2026-08-25 16:34:45.334 [OPERATION] [0X0A02] operation failed in bootloader; restoring main application
2026-08-25 16:34:45.336 [TRANSPORT] [0X0A02] TX :01E2000000000000000113\r
RX <not expected>
2026-08-25 16:34:57.399 [TRANSPORT] [0X0A02] discovered 0X0A02 0X0001 Блок обработки цифровой (БОЦ-В-6) 2024 III Зав.№011 (SW Aug 20 2026 16:26:49) at 192.168.1.254:2001 UUID=410FC241-3431-384D-1235-363531331F46
direct TCP identity
TX :01FF27\r
RX !01FF0A020001D091D0BBD0BED0BA20D0BED0B1D180D0B0D0B1D0BED182D0BAD0B820D186D0B8D184D180D0BED0B2D0BED0B92028D091D09ED0A62DD0922D362920323032342049494920D097D0B0D0B22EE28496303131202853572041756720323020323032362031363A32363A34392927\r
TX :010702\r
RX !0107410FC2413431384D1235363531331F4693\r
2026-08-25 16:34:57.400 [OPERATION] [0X0A02] main application restored after failed operation
2026-08-25 16:34:57.401 [OPERATION] Workflow device.productionDate.update failed
2026-08-25 16:34:57.452 [OPERATION] [0X0A02] device identity refreshed
2026-08-25 16:34:57.454 [TRANSPORT] [0X0A02] discovered 0X0A02 0X0001 Блок обработки цифровой (БОЦ-В-6) 2026 III Зав.№777 (SW Aug 20 2026 16:26:49) at 192.168.1.193:2001 UUID=410FC241-3431-384D-1235-36353133584F
direct TCP identity
TX :01FF27\r
RX !01FF0A020001D091D0BBD0BED0BA20D0BED0B1D180D0B0D0B1D0BED182D0BAD0B820D186D0B8D184D180D0BED0B2D0BED0B92028D091D09ED0A62DD0922D362920323032362049494920D097D0B0D0B22EE28496373737202853572041756720323020323032362031363A32363A3439293C\r
TX :010702\r
RX !0107410FC2413431384D123536353133584F99\r
2026-08-25 16:34:57.479 [OPERATION] [0X0A02] device identity refreshed
2026-08-25 16:34:57.481 [TRANSPORT] [0X0A02] discovered 0X0A02 0X0001 Блок обработки цифровой (БОЦ-В-6) 2024 III Зав.№011 (SW Aug 20 2026 16:26:49) at 192.168.1.254:2001 UUID=410FC241-3431-384D-1235-363531331F46
direct TCP identity
TX :01FF27\r
RX !01FF0A020001D091D0BBD0BED0BA20D0BED0B1D180D0B0D0B1D0BED182D0BAD0B820D186D0B8D184D180D0BED0B2D0BED0B92028D091D09ED0A62DD0922D362920323032342049494920D097D0B0D0B22EE28496303131202853572041756720323020323032362031363A32363A34392927\r
TX :010702\r
RX !0107410FC2413431384D1235363531331F4693\r
2026-08-25 16:35:10.492 [OPERATION] Sending FINE discovery to 239.1.2.1:5001
2026-08-25 16:35:10.500 [OPERATION] Discovery sent via iftype53_32768 (172.18.0.1)
2026-08-25 16:35:10.502 [OPERATION] Discovery sent via ethernet_32771 (192.168.1.234)
2026-08-25 16:35:10.505 [OPERATION] Discovery send failed via loopback_0: Unable to send a message
2026-08-25 16:35:10.507 [OPERATION] Discovery sent via ethernet_32777 (172.24.96.1)
2026-08-25 16:35:10.510 [OPERATION] Discovery sent via ethernet_32779 (172.28.112.1)
2026-08-25 16:35:10.512 [OPERATION] Found 0X0A02 0X0001 Блок обработки цифровой (БОЦ-В-6) 2026 III Зав.№777 (SW Aug 20 2026 1 at 192.168.1.193:2001
2026-08-25 16:35:10.526 [OPERATION] Found 0X0A02 0X0001 Блок обработки цифровой (БОЦ-В-6) 2024 III Зав.№011 (SW Aug 20 2026 1 at 192.168.1.254:2001
2026-08-25 16:35:11.163 [TRANSPORT] [0X0A02] 0xEE extended description: 66100 byte(s), 130 fragment(s)
TX :01FF27\r
RX !01FF0A020001D091D0BBD0BED0BA20D0BED0B1D180D0B0D0B1D0BED182D0BAD0B820D186D0B8D184D180D0BED0B2D0BED0B92028D091D09ED0A62DD0922D362920323032362049494920D097D0B0D0B22EE28496373737202853572041756720323020323032362031363A32363A3439293C\r
TX :010702\r
RX !0107410FC2413431384D123536353133584F99\r
2026-08-25 16:35:11.237 [TRANSPORT] [0X0A02] 0xEE extended description: 66100 byte(s), 130 fragment(s)
TX :01FF27\r
RX !01FF0A020001D091D0BBD0BED0BA20D0BED0B1D180D0B0D0B1D0BED182D0BAD0B820D186D0B8D184D180D0BED0B2D0BED0B92028D091D09ED0A62DD0922D362920323032342049494920D097D0B0D0B22EE28496303131202853572041756720323020323032362031363A32363A34392927\r
TX :010702\r
RX !0107410FC2413431384D1235363531331F4693\r
2026-08-25 16:35:11.259 [OPERATION] Found 2 device(s); device data received
2026-08-25 16:35:12.524 [OPERATION] UDP discovery finished
2026-08-25 16:35:12.527 [OPERATION] Found 2 device(s)
